Archive member included to satisfy reference by file (symbol)

/Users/connorbarker/Documents/logue-projects/logue-sdk/tools/gcc/gcc-arm-none-eabi-5_4-2016q3/bin/../lib/gcc/arm-none-eabi/5.4.1/armv7e-m/fpu/libgcc.a(_arm_addsubdf3.o)
                              ./build/obj/ConvReverb.o (__aeabi_ui2d)
/Users/connorbarker/Documents/logue-projects/logue-sdk/tools/gcc/gcc-arm-none-eabi-5_4-2016q3/bin/../lib/gcc/arm-none-eabi/5.4.1/armv7e-m/fpu/libgcc.a(_arm_muldivdf3.o)
                              ./build/obj/ConvReverb.o (__aeabi_ddiv)
/Users/connorbarker/Documents/logue-projects/logue-sdk/tools/gcc/gcc-arm-none-eabi-5_4-2016q3/bin/../lib/gcc/arm-none-eabi/5.4.1/armv7e-m/fpu/libgcc.a(_arm_truncdfsf2.o)
                              ./build/obj/ConvReverb.o (__aeabi_d2f)

Discarded input sections

 .group         0x0000000000000000        0x8 ./build/obj/ConvReverb.o
 .group         0x0000000000000000        0x8 ./build/obj/ConvReverb.o
 .group         0x0000000000000000        0x8 ./build/obj/ConvReverb.o
 .group         0x0000000000000000        0x8 ./build/obj/ConvReverb.o
 .group         0x0000000000000000        0x8 ./build/obj/ConvReverb.o
 .group         0x0000000000000000        0x8 ./build/obj/ConvReverb.o

Memory Configuration

Name             Origin             Length             Attributes
SRAM             0x0000000020017800 0x0000000000001800 xr
SDRAM            0x00000000c0400000 0x0000000000020000 rw
*default*        0x0000000000000000 0xffffffffffffffff

Linker script and memory map

LOAD ./build/obj/_unit.o
LOAD ./build/obj/conv_reverb.o
LOAD ./build/obj/ConvReverb.o
LOAD ./build/obj/Reverb.o
LOAD ./build/obj/reverb_fx_main.o

.hooks          0x0000000020017800       0x40
                0x0000000020017800                . = ALIGN (0x4)
                0x0000000020017800                _hooks_start = .
 *(.hooks)
 .hooks         0x0000000020017800       0x40 ./build/obj/_unit.o
                0x0000000020017840                . = ALIGN (0x4)
                0x0000000020017840                _hooks_end = .

.init_array     0x0000000020017840        0x0
                0x0000000020017840                . = ALIGN (0x4)
                0x0000000020017840                PROVIDE (__init_array_start, .)
 *(SORT(.init_array.*))
 *(.init_array*)
                0x0000000020017840                . = ALIGN (0x4)
                0x0000000020017840                PROVIDE (__init_array_end, .)

.text           0x0000000020017840      0xcec
                0x0000000020017840                . = ALIGN (0x4)
                0x0000000020017840                _text_start = .
 *(.text)
 .text          0x0000000020017840       0x5c ./build/obj/_unit.o
                0x0000000020017842                _hook_resume
                0x0000000020017844                _hook_param
                0x0000000020017846                _hook_suspend
                0x000000002001784a                _entry
 .text          0x000000002001789c        0x4 ./build/obj/conv_reverb.o
                0x000000002001789c                generateReverb()
 .text          0x00000000200178a0      0x124 ./build/obj/ConvReverb.o
                0x00000000200178a0                ConvReverb::ConvReverb(Buffer<buf_f32pair_t>, Buffer<float>, Buffer<buf_f32pair_t>)
                0x00000000200178a0                ConvReverb::ConvReverb(Buffer<buf_f32pair_t>, Buffer<float>, Buffer<buf_f32pair_t>)
                0x00000000200178e8                ConvReverb::tick(float*, unsigned long)
 .text          0x00000000200179c4        0x0 ./build/obj/Reverb.o
 .text          0x00000000200179c4       0x6c ./build/obj/reverb_fx_main.o
                0x00000000200179c4                _hook_init
                0x00000000200179d4                _hook_process
                0x00000000200179f0                _hook_param(unsigned char, unsigned long)
 .text          0x0000000020017a30      0x370 /Users/connorbarker/Documents/logue-projects/logue-sdk/tools/gcc/gcc-arm-none-eabi-5_4-2016q3/bin/../lib/gcc/arm-none-eabi/5.4.1/armv7e-m/fpu/libgcc.a(_arm_addsubdf3.o)
                0x0000000020017a30                __aeabi_drsub
                0x0000000020017a38                __subdf3
                0x0000000020017a38                __aeabi_dsub
                0x0000000020017a3c                __aeabi_dadd
                0x0000000020017a3c                __adddf3
                0x0000000020017cb4                __aeabi_ui2d
                0x0000000020017cb4                __floatunsidf
                0x0000000020017cd4                __floatsidf
                0x0000000020017cd4                __aeabi_i2d
                0x0000000020017cf8                __extendsfdf2
                0x0000000020017cf8                __aeabi_f2d
                0x0000000020017d34                __aeabi_ul2d
                0x0000000020017d34                __floatundidf
                0x0000000020017d44                __aeabi_l2d
                0x0000000020017d44                __floatdidf
 .text          0x0000000020017da0      0x424 /Users/connorbarker/Documents/logue-projects/logue-sdk/tools/gcc/gcc-arm-none-eabi-5_4-2016q3/bin/../lib/gcc/arm-none-eabi/5.4.1/armv7e-m/fpu/libgcc.a(_arm_muldivdf3.o)
                0x0000000020017da0                __aeabi_dmul
                0x0000000020017da0                __muldf3
                0x0000000020017ff4                __aeabi_ddiv
                0x0000000020017ff4                __divdf3
 .text          0x00000000200181c4       0xa0 /Users/connorbarker/Documents/logue-projects/logue-sdk/tools/gcc/gcc-arm-none-eabi-5_4-2016q3/bin/../lib/gcc/arm-none-eabi/5.4.1/armv7e-m/fpu/libgcc.a(_arm_truncdfsf2.o)
                0x00000000200181c4                __aeabi_d2f
                0x00000000200181c4                __truncdfsf2
 *(.text.*)
 .text._ZN6Reverb8setDepthEf
                0x0000000020018264        0x6 ./build/obj/ConvReverb.o
                0x0000000020018264                Reverb::setDepth(float)
 *fill*         0x000000002001826a        0x2 
 .text._ZN6Reverb9setDryWetEf
                0x000000002001826c        0x6 ./build/obj/ConvReverb.o
                0x000000002001826c                Reverb::setDryWet(float)
 *fill*         0x0000000020018272        0x2 
 .text._ZNK6BufferI13buf_f32pair_tEixEi
                0x0000000020018274       0x16 ./build/obj/ConvReverb.o
                0x0000000020018274                Buffer<buf_f32pair_t>::operator[](int) const
 *fill*         0x000000002001828a        0x2 
 .text._ZN10simple_fft4impl13rearrangeDataI6BufferI13buf_f32pair_tEEEvRT_j
                0x000000002001828c       0x5c ./build/obj/ConvReverb.o
                0x000000002001828c                void simple_fft::impl::rearrangeData<Buffer<buf_f32pair_t> >(Buffer<buf_f32pair_t>&, unsigned int)
 .text._ZN10simple_fft4impl13makeTransformI6BufferI13buf_f32pair_tEEEbRT_jNS0_13FFT_directionERPKc
                0x00000000200182e8      0x1c4 ./build/obj/ConvReverb.o
                0x00000000200182e8                bool simple_fft::impl::makeTransform<Buffer<buf_f32pair_t> >(Buffer<buf_f32pair_t>&, unsigned int, simple_fft::impl::FFT_direction, char const*&)
 .text._ZN10simple_fft4impl4CFFTI6BufferI13buf_f32pair_tELi1EE11FFT_inplaceERS4_jNS0_13FFT_directionERPKc
                0x00000000200184ac       0x80 ./build/obj/ConvReverb.o
                0x00000000200184ac                simple_fft::impl::CFFT<Buffer<buf_f32pair_t>, 1>::FFT_inplace(Buffer<buf_f32pair_t>&, unsigned int, simple_fft::impl::FFT_direction, char const*&)
 *(.glue_7)
 .glue_7        0x000000002001852c        0x0 linker stubs
 *(.glue_7t)
 .glue_7t       0x000000002001852c        0x0 linker stubs
 *(.gcc*)
                0x000000002001852c                . = ALIGN (0x4)
                0x000000002001852c                _text_end = .

.vfp11_veneer   0x000000002001852c        0x0
 .vfp11_veneer  0x000000002001852c        0x0 linker stubs

.v4_bx          0x000000002001852c        0x0
 .v4_bx         0x000000002001852c        0x0 linker stubs

.iplt           0x000000002001852c        0x0
 .iplt          0x000000002001852c        0x0 ./build/obj/_unit.o

.rodata         0x000000002001852c       0x7c
                0x000000002001852c                . = ALIGN (0x4)
                0x000000002001852c                _rodata_start = .
 *(.rodata)
 .rodata        0x000000002001852c       0x14 ./build/obj/ConvReverb.o
                0x000000002001852c                vtable for ConvReverb
 *(.rodata.*)
 .rodata.str1.1
                0x0000000020018540       0x68 ./build/obj/ConvReverb.o
                0x00000000200185a8                . = ALIGN (0x4)
                0x00000000200185a8                _rodata_end = .

.rel.dyn        0x00000000200185a8        0x0
 .rel.iplt      0x00000000200185a8        0x0 ./build/obj/_unit.o

.data           0x00000000200185a8        0x0
                0x00000000200185a8                . = ALIGN (0x8)
                0x00000000200185a8                _data_start = .
 *(.data)
 .data          0x00000000200185a8        0x0 ./build/obj/_unit.o
 .data          0x00000000200185a8        0x0 ./build/obj/conv_reverb.o
 .data          0x00000000200185a8        0x0 ./build/obj/ConvReverb.o
 .data          0x00000000200185a8        0x0 ./build/obj/Reverb.o
 .data          0x00000000200185a8        0x0 ./build/obj/reverb_fx_main.o
 .data          0x00000000200185a8        0x0 /Users/connorbarker/Documents/logue-projects/logue-sdk/tools/gcc/gcc-arm-none-eabi-5_4-2016q3/bin/../lib/gcc/arm-none-eabi/5.4.1/armv7e-m/fpu/libgcc.a(_arm_addsubdf3.o)
 .data          0x00000000200185a8        0x0 /Users/connorbarker/Documents/logue-projects/logue-sdk/tools/gcc/gcc-arm-none-eabi-5_4-2016q3/bin/../lib/gcc/arm-none-eabi/5.4.1/armv7e-m/fpu/libgcc.a(_arm_muldivdf3.o)
 .data          0x00000000200185a8        0x0 /Users/connorbarker/Documents/logue-projects/logue-sdk/tools/gcc/gcc-arm-none-eabi-5_4-2016q3/bin/../lib/gcc/arm-none-eabi/5.4.1/armv7e-m/fpu/libgcc.a(_arm_truncdfsf2.o)
 *(.data.*)
                0x00000000200185a8                . = ALIGN (0x8)
                0x00000000200185a8                _data_end = .

.igot.plt       0x00000000200185a8        0x0
 .igot.plt      0x00000000200185a8        0x0 ./build/obj/_unit.o

.bss            0x00000000200185a8        0x4
                0x00000000200185a8                . = ALIGN (0x4)
                0x00000000200185a8                _bss_start = .
 *(.bss)
 .bss           0x00000000200185a8        0x0 ./build/obj/_unit.o
 .bss           0x00000000200185a8        0x0 ./build/obj/conv_reverb.o
 .bss           0x00000000200185a8        0x0 ./build/obj/ConvReverb.o
 .bss           0x00000000200185a8        0x0 ./build/obj/Reverb.o
 .bss           0x00000000200185a8        0x4 ./build/obj/reverb_fx_main.o
                0x00000000200185a8                verb
 .bss           0x00000000200185ac        0x0 /Users/connorbarker/Documents/logue-projects/logue-sdk/tools/gcc/gcc-arm-none-eabi-5_4-2016q3/bin/../lib/gcc/arm-none-eabi/5.4.1/armv7e-m/fpu/libgcc.a(_arm_addsubdf3.o)
 .bss           0x00000000200185ac        0x0 /Users/connorbarker/Documents/logue-projects/logue-sdk/tools/gcc/gcc-arm-none-eabi-5_4-2016q3/bin/../lib/gcc/arm-none-eabi/5.4.1/armv7e-m/fpu/libgcc.a(_arm_muldivdf3.o)
 .bss           0x00000000200185ac        0x0 /Users/connorbarker/Documents/logue-projects/logue-sdk/tools/gcc/gcc-arm-none-eabi-5_4-2016q3/bin/../lib/gcc/arm-none-eabi/5.4.1/armv7e-m/fpu/libgcc.a(_arm_truncdfsf2.o)
 *(.bss.*)
 *(COMMON)
                0x00000000200185ac                . = ALIGN (0x4)
                0x00000000200185ac                _bss_end = .

.ARM.extab      0x00000000200185ac        0x0
                0x00000000200185ac                . = ALIGN (0x4)
                0x00000000200185ac                __extab_start = .
 *(.ARM.extab* .gnu.linkonce.armextab.*)
                0x00000000200185ac                . = ALIGN (0x4)
                0x00000000200185ac                __extab_end = .

.ARM.exidx      0x00000000200185ac        0x0
                0x00000000200185ac                __exidx_start = .
 *(.ARM.exidx* .gnu.linkonce.armexidx.*)
                0x00000000200185ac                __exidx_end = .

.eh_frame_hdr   0x00000000200185ac        0x0
                0x00000000200185ac                . = ALIGN (0x4)
                0x00000000200185ac                _eh_frame_hdr_start = .
 *(.eh_frame_hdr)
                0x00000000200185ac                . = ALIGN (0x4)
                0x00000000200185ac                _eh_frame_hdr_end = .

.eh_frame       0x00000000200185ac        0x0
                0x00000000200185ac                . = ALIGN (0x4)
                0x00000000200185ac                _eh_frame_start = .
 *(.eh_frame)
                0x00000000200185ac                . = ALIGN (0x4)
                0x00000000200185ac                _eh_frame_end = .

.sdram          0x00000000c0400000        0x0
                0x00000000c0400000                . = ALIGN (0x4)
                0x00000000c0400000                _usr_sdram_start = .
 *(.sdram*)
                0x00000000c0400000                . = ALIGN (0x4)
                0x00000000c0400000                _usr_sdram_end = .
LOAD ./ld/main_api.syms
                0x000000000807b000                k_fx_api_version = 0x807b000
                0x000000000807b004                k_fx_api_platform = 0x807b004
                0x000000000807b100                sqrtm2log_lut_f = 0x807b100
                0x000000000807b504                tanpi_lut_f = 0x807b504
                0x000000000807b908                log_lut_f = 0x807b908
                0x000000000807bd0c                bitres_lut_f = 0x807bd0c
                0x000000000807bf10                wt_sine_lut_f = 0x807bf10
                0x000000000807c114                schetzen_lut_f = 0x807c114
                0x000000000807c318                cubicsat_lut_f = 0x807c318
                0x000000000807c51c                pow2_lut_f = 0x807c51c
                0x000000000807c920                _fx_mcu_hash = 0x807c920
                0x000000000807c92c                _fx_rand = 0x807c92c
                0x000000000807c964                _fx_white = 0x807c964
                0x000000000807ca88                _fx_get_bpm = 0x807ca88
                0x000000000807ca8c                _fx_get_bpmf = 0x807ca8c
LOAD /Users/connorbarker/Documents/logue-projects/logue-sdk/tools/gcc/gcc-arm-none-eabi-5_4-2016q3/bin/../lib/gcc/arm-none-eabi/5.4.1/../../../../arm-none-eabi/lib/armv7e-m/fpu/libm.a
START GROUP
LOAD /Users/connorbarker/Documents/logue-projects/logue-sdk/tools/gcc/gcc-arm-none-eabi-5_4-2016q3/bin/../lib/gcc/arm-none-eabi/5.4.1/armv7e-m/fpu/libgcc.a
LOAD /Users/connorbarker/Documents/logue-projects/logue-sdk/tools/gcc/gcc-arm-none-eabi-5_4-2016q3/bin/../lib/gcc/arm-none-eabi/5.4.1/../../../../arm-none-eabi/lib/armv7e-m/fpu/libg.a
LOAD /Users/connorbarker/Documents/logue-projects/logue-sdk/tools/gcc/gcc-arm-none-eabi-5_4-2016q3/bin/../lib/gcc/arm-none-eabi/5.4.1/../../../../arm-none-eabi/lib/armv7e-m/fpu/libc.a
END GROUP
OUTPUT(build/conv_reverb.elf elf32-littlearm)

.debug_info     0x0000000000000000     0x4095
 .debug_info    0x0000000000000000      0x55d ./build/obj/_unit.o
 .debug_info    0x000000000000055d      0xd84 ./build/obj/conv_reverb.o
 .debug_info    0x00000000000012e1     0x2424 ./build/obj/ConvReverb.o
 .debug_info    0x0000000000003705      0x356 ./build/obj/Reverb.o
 .debug_info    0x0000000000003a5b      0x63a ./build/obj/reverb_fx_main.o

.debug_abbrev   0x0000000000000000      0xc5f
 .debug_abbrev  0x0000000000000000      0x1f4 ./build/obj/_unit.o
 .debug_abbrev  0x00000000000001f4      0x221 ./build/obj/conv_reverb.o
 .debug_abbrev  0x0000000000000415      0x5d9 ./build/obj/ConvReverb.o
 .debug_abbrev  0x00000000000009ee       0x6e ./build/obj/Reverb.o
 .debug_abbrev  0x0000000000000a5c      0x203 ./build/obj/reverb_fx_main.o

.debug_loc      0x0000000000000000      0xd2a
 .debug_loc     0x0000000000000000       0xb9 ./build/obj/_unit.o
 .debug_loc     0x00000000000000b9      0xb11 ./build/obj/ConvReverb.o
 .debug_loc     0x0000000000000bca      0x160 ./build/obj/reverb_fx_main.o

.debug_aranges  0x0000000000000000       0xc8
 .debug_aranges
                0x0000000000000000       0x20 ./build/obj/_unit.o
 .debug_aranges
                0x0000000000000020       0x20 ./build/obj/conv_reverb.o
 .debug_aranges
                0x0000000000000040       0x50 ./build/obj/ConvReverb.o
 .debug_aranges
                0x0000000000000090       0x18 ./build/obj/Reverb.o
 .debug_aranges
                0x00000000000000a8       0x20 ./build/obj/reverb_fx_main.o

.debug_line     0x0000000000000000     0x156b
 .debug_line    0x0000000000000000      0x250 ./build/obj/_unit.o
 .debug_line    0x0000000000000250      0x3b1 ./build/obj/conv_reverb.o
 .debug_line    0x0000000000000601      0x8ce ./build/obj/ConvReverb.o
 .debug_line    0x0000000000000ecf      0x2f6 ./build/obj/Reverb.o
 .debug_line    0x00000000000011c5      0x3a6 ./build/obj/reverb_fx_main.o

.debug_str      0x0000000000000000     0x1e8a
 .debug_str     0x0000000000000000      0x530 ./build/obj/_unit.o
                                        0x5b3 (size before relaxing)
 .debug_str     0x0000000000000530      0x753 ./build/obj/conv_reverb.o
                                        0x9ed (size before relaxing)
 .debug_str     0x0000000000000c83     0x1134 ./build/obj/ConvReverb.o
                                       0x1822 (size before relaxing)
 .debug_str     0x0000000000001db7        0xf ./build/obj/Reverb.o
                                        0x41f (size before relaxing)
 .debug_str     0x0000000000001dc6       0xc4 ./build/obj/reverb_fx_main.o
                                        0x6c0 (size before relaxing)

.comment        0x0000000000000000       0x6e
 .comment       0x0000000000000000       0x6e ./build/obj/_unit.o
                                         0x6f (size before relaxing)
 .comment       0x000000000000006e       0x6f ./build/obj/conv_reverb.o
 .comment       0x000000000000006e       0x6f ./build/obj/ConvReverb.o
 .comment       0x000000000000006e       0x6f ./build/obj/Reverb.o
 .comment       0x000000000000006e       0x6f ./build/obj/reverb_fx_main.o

.ARM.attributes
                0x0000000000000000       0x39
 .ARM.attributes
                0x0000000000000000       0x39 ./build/obj/_unit.o
 .ARM.attributes
                0x0000000000000039       0x39 ./build/obj/conv_reverb.o
 .ARM.attributes
                0x0000000000000072       0x39 ./build/obj/ConvReverb.o
 .ARM.attributes
                0x00000000000000ab       0x39 ./build/obj/Reverb.o
 .ARM.attributes
                0x00000000000000e4       0x39 ./build/obj/reverb_fx_main.o
 .ARM.attributes
                0x000000000000011d       0x22 /Users/connorbarker/Documents/logue-projects/logue-sdk/tools/gcc/gcc-arm-none-eabi-5_4-2016q3/bin/../lib/gcc/arm-none-eabi/5.4.1/armv7e-m/fpu/libgcc.a(_arm_addsubdf3.o)
 .ARM.attributes
                0x000000000000013f       0x22 /Users/connorbarker/Documents/logue-projects/logue-sdk/tools/gcc/gcc-arm-none-eabi-5_4-2016q3/bin/../lib/gcc/arm-none-eabi/5.4.1/armv7e-m/fpu/libgcc.a(_arm_muldivdf3.o)
 .ARM.attributes
                0x0000000000000161       0x22 /Users/connorbarker/Documents/logue-projects/logue-sdk/tools/gcc/gcc-arm-none-eabi-5_4-2016q3/bin/../lib/gcc/arm-none-eabi/5.4.1/armv7e-m/fpu/libgcc.a(_arm_truncdfsf2.o)

.debug_frame    0x0000000000000000      0x2b8
 .debug_frame   0x0000000000000000       0x88 ./build/obj/_unit.o
 .debug_frame   0x0000000000000088       0x20 ./build/obj/conv_reverb.o
 .debug_frame   0x00000000000000a8      0x1b8 ./build/obj/ConvReverb.o
 .debug_frame   0x0000000000000260       0x58 ./build/obj/reverb_fx_main.o

.debug_ranges   0x0000000000000000      0x1d0
 .debug_ranges  0x0000000000000000      0x1d0 ./build/obj/ConvReverb.o

Cross Reference Table

Symbol                                            File
Buffer<buf_f32pair_t>::operator[](int) const      ./build/obj/ConvReverb.o
ConvReverb::ConvReverb(Buffer<buf_f32pair_t>, Buffer<float>, Buffer<buf_f32pair_t>) ./build/obj/ConvReverb.o
ConvReverb::ConvReverb(Buffer<buf_f32pair_t>, Buffer<float>, Buffer<buf_f32pair_t>) ./build/obj/ConvReverb.o
ConvReverb::tick(float*, unsigned long)           ./build/obj/ConvReverb.o
Reverb::setDepth(float)                           ./build/obj/ConvReverb.o
Reverb::setDryWet(float)                          ./build/obj/ConvReverb.o
__adddf3                                          /Users/connorbarker/Documents/logue-projects/logue-sdk/tools/gcc/gcc-arm-none-eabi-5_4-2016q3/bin/../lib/gcc/arm-none-eabi/5.4.1/armv7e-m/fpu/libgcc.a(_arm_addsubdf3.o)
__aeabi_d2f                                       /Users/connorbarker/Documents/logue-projects/logue-sdk/tools/gcc/gcc-arm-none-eabi-5_4-2016q3/bin/../lib/gcc/arm-none-eabi/5.4.1/armv7e-m/fpu/libgcc.a(_arm_truncdfsf2.o)
                                                  ./build/obj/ConvReverb.o
__aeabi_dadd                                      /Users/connorbarker/Documents/logue-projects/logue-sdk/tools/gcc/gcc-arm-none-eabi-5_4-2016q3/bin/../lib/gcc/arm-none-eabi/5.4.1/armv7e-m/fpu/libgcc.a(_arm_addsubdf3.o)
__aeabi_ddiv                                      /Users/connorbarker/Documents/logue-projects/logue-sdk/tools/gcc/gcc-arm-none-eabi-5_4-2016q3/bin/../lib/gcc/arm-none-eabi/5.4.1/armv7e-m/fpu/libgcc.a(_arm_muldivdf3.o)
                                                  ./build/obj/ConvReverb.o
__aeabi_dmul                                      /Users/connorbarker/Documents/logue-projects/logue-sdk/tools/gcc/gcc-arm-none-eabi-5_4-2016q3/bin/../lib/gcc/arm-none-eabi/5.4.1/armv7e-m/fpu/libgcc.a(_arm_muldivdf3.o)
__aeabi_drsub                                     /Users/connorbarker/Documents/logue-projects/logue-sdk/tools/gcc/gcc-arm-none-eabi-5_4-2016q3/bin/../lib/gcc/arm-none-eabi/5.4.1/armv7e-m/fpu/libgcc.a(_arm_addsubdf3.o)
__aeabi_dsub                                      /Users/connorbarker/Documents/logue-projects/logue-sdk/tools/gcc/gcc-arm-none-eabi-5_4-2016q3/bin/../lib/gcc/arm-none-eabi/5.4.1/armv7e-m/fpu/libgcc.a(_arm_addsubdf3.o)
__aeabi_f2d                                       /Users/connorbarker/Documents/logue-projects/logue-sdk/tools/gcc/gcc-arm-none-eabi-5_4-2016q3/bin/../lib/gcc/arm-none-eabi/5.4.1/armv7e-m/fpu/libgcc.a(_arm_addsubdf3.o)
__aeabi_i2d                                       /Users/connorbarker/Documents/logue-projects/logue-sdk/tools/gcc/gcc-arm-none-eabi-5_4-2016q3/bin/../lib/gcc/arm-none-eabi/5.4.1/armv7e-m/fpu/libgcc.a(_arm_addsubdf3.o)
__aeabi_l2d                                       /Users/connorbarker/Documents/logue-projects/logue-sdk/tools/gcc/gcc-arm-none-eabi-5_4-2016q3/bin/../lib/gcc/arm-none-eabi/5.4.1/armv7e-m/fpu/libgcc.a(_arm_addsubdf3.o)
__aeabi_ui2d                                      /Users/connorbarker/Documents/logue-projects/logue-sdk/tools/gcc/gcc-arm-none-eabi-5_4-2016q3/bin/../lib/gcc/arm-none-eabi/5.4.1/armv7e-m/fpu/libgcc.a(_arm_addsubdf3.o)
                                                  ./build/obj/ConvReverb.o
__aeabi_ul2d                                      /Users/connorbarker/Documents/logue-projects/logue-sdk/tools/gcc/gcc-arm-none-eabi-5_4-2016q3/bin/../lib/gcc/arm-none-eabi/5.4.1/armv7e-m/fpu/libgcc.a(_arm_addsubdf3.o)
__divdf3                                          /Users/connorbarker/Documents/logue-projects/logue-sdk/tools/gcc/gcc-arm-none-eabi-5_4-2016q3/bin/../lib/gcc/arm-none-eabi/5.4.1/armv7e-m/fpu/libgcc.a(_arm_muldivdf3.o)
__extendsfdf2                                     /Users/connorbarker/Documents/logue-projects/logue-sdk/tools/gcc/gcc-arm-none-eabi-5_4-2016q3/bin/../lib/gcc/arm-none-eabi/5.4.1/armv7e-m/fpu/libgcc.a(_arm_addsubdf3.o)
__floatdidf                                       /Users/connorbarker/Documents/logue-projects/logue-sdk/tools/gcc/gcc-arm-none-eabi-5_4-2016q3/bin/../lib/gcc/arm-none-eabi/5.4.1/armv7e-m/fpu/libgcc.a(_arm_addsubdf3.o)
__floatsidf                                       /Users/connorbarker/Documents/logue-projects/logue-sdk/tools/gcc/gcc-arm-none-eabi-5_4-2016q3/bin/../lib/gcc/arm-none-eabi/5.4.1/armv7e-m/fpu/libgcc.a(_arm_addsubdf3.o)
__floatundidf                                     /Users/connorbarker/Documents/logue-projects/logue-sdk/tools/gcc/gcc-arm-none-eabi-5_4-2016q3/bin/../lib/gcc/arm-none-eabi/5.4.1/armv7e-m/fpu/libgcc.a(_arm_addsubdf3.o)
__floatunsidf                                     /Users/connorbarker/Documents/logue-projects/logue-sdk/tools/gcc/gcc-arm-none-eabi-5_4-2016q3/bin/../lib/gcc/arm-none-eabi/5.4.1/armv7e-m/fpu/libgcc.a(_arm_addsubdf3.o)
__init_array_end                                  ./build/obj/_unit.o
__init_array_start                                ./build/obj/_unit.o
__muldf3                                          /Users/connorbarker/Documents/logue-projects/logue-sdk/tools/gcc/gcc-arm-none-eabi-5_4-2016q3/bin/../lib/gcc/arm-none-eabi/5.4.1/armv7e-m/fpu/libgcc.a(_arm_muldivdf3.o)
__subdf3                                          /Users/connorbarker/Documents/logue-projects/logue-sdk/tools/gcc/gcc-arm-none-eabi-5_4-2016q3/bin/../lib/gcc/arm-none-eabi/5.4.1/armv7e-m/fpu/libgcc.a(_arm_addsubdf3.o)
__truncdfsf2                                      /Users/connorbarker/Documents/logue-projects/logue-sdk/tools/gcc/gcc-arm-none-eabi-5_4-2016q3/bin/../lib/gcc/arm-none-eabi/5.4.1/armv7e-m/fpu/libgcc.a(_arm_truncdfsf2.o)
_bss_end                                          ./build/obj/_unit.o
_bss_start                                        ./build/obj/_unit.o
_entry                                            ./build/obj/_unit.o
_hook_init                                        ./build/obj/reverb_fx_main.o
                                                  ./build/obj/_unit.o
_hook_param                                       ./build/obj/_unit.o
_hook_param(unsigned char, unsigned long)         ./build/obj/reverb_fx_main.o
_hook_process                                     ./build/obj/reverb_fx_main.o
                                                  ./build/obj/_unit.o
_hook_resume                                      ./build/obj/_unit.o
_hook_suspend                                     ./build/obj/_unit.o
bool simple_fft::impl::makeTransform<Buffer<buf_f32pair_t> >(Buffer<buf_f32pair_t>&, unsigned int, simple_fft::impl::FFT_direction, char const*&) ./build/obj/ConvReverb.o
generateReverb()                                  ./build/obj/conv_reverb.o
                                                  ./build/obj/reverb_fx_main.o
simple_fft::impl::CFFT<Buffer<buf_f32pair_t>, 1>::FFT_inplace(Buffer<buf_f32pair_t>&, unsigned int, simple_fft::impl::FFT_direction, char const*&) ./build/obj/ConvReverb.o
verb                                              ./build/obj/reverb_fx_main.o
void simple_fft::impl::rearrangeData<Buffer<buf_f32pair_t> >(Buffer<buf_f32pair_t>&, unsigned int) ./build/obj/ConvReverb.o
vtable for ConvReverb                             ./build/obj/ConvReverb.o
